// Jest Snapshot v1, https://goo.gl/fbAQLP

exports[`Continents component Continents component should match snapshot 1`] = `
<div>
  <div
    class="top-stats"
  >
    <div
      class="top"
    >
      <p
        class="global"
      >
        Global Stats
      </p>
      <p
        class="count"
      >
        Cases:
         
        0
      </p>
      <p
        class="count"
      >
        Recoveries:
         
        0
      </p>
      <p
        class="count"
      >
        Deaths:
         
        0
      </p>
    </div>
    <svg
      aria-hidden="true"
      class="svg-inline--fa fa-circle-right arrow-right"
      data-icon="circle-right"
      data-prefix="fas"
      focusable="false"
      role="img"
      viewBox="0 0 512 512"
      xmlns="http://www.w3.org/2000/svg"
    >
      <path
        d="M0 256a256 256 0 1 0 512 0A256 256 0 1 0 0 256zM294.6 135.1l99.9 107.1c3.5 3.8 5.5 8.7 5.5 13.8s-2 10.1-5.5 13.8L294.6 376.9c-4.2 4.5-10.1 7.1-16.3 7.1C266 384 256 374 256 361.7l0-57.7-96 0c-17.7 0-32-14.3-32-32l0-32c0-17.7 14.3-32 32-32l96 0 0-57.7c0-12.3 10-22.3 22.3-22.3c6.2 0 12.1 2.6 16.3 7.1z"
        fill="currentColor"
      />
    </svg>
  </div>
  <p
    class="continent-stats"
  >
    CONTINENT STATS
  </p>
  <div
    class="continent-container"
  />
</div>
`;
